error: Only one variant can be marked with #[serde(other)]
 --> tests/ui/multiple_others.rs:3:10
  |
3 | #[derive(Deserialize_repr)]
  |          ^^^^^^^^^^^^^^^^
  |
  = note: this error originates in the derive macro `Deserialize_repr` (in Nightly builds, run with -Z macro-backtrace for more info)
