error: must be a unit variant
 --> $DIR/tests/ui/non_unit_variant.rs:6:5
  |
6 |     Two(u8),
  |     ^^^
